**********************
PowerShell transcript start
Start time: 20250531234857
Username: AzureAD\AnkojiRaoNagisetty
RunAs User: AzureAD\AnkojiRaoNagisetty
Configuration Name: 
Machine: CPC-AnkNa-QEJIR (Microsoft Windows NT 10.0.26100.0)
Host Application: C:\Program Files\PowerShell\7\pwsh.dll -NoProfile -ExecutionPolicy Bypass -Command Import-Module 'c:\Users\AnkojiRaoNagisetty\.vscode\extensions\ms-vscode.powershell-2025.0.0\modules\PowerShellEditorServices\PowerShellEditorServices.psd1'; Start-EditorServices -HostName 'Visual Studio Code Host' -HostProfileId 'Microsoft.VSCode' -HostVersion '2025.0.0' -BundledModulesPath 'c:\Users\AnkojiRaoNagisetty\.vscode\extensions\ms-vscode.powershell-2025.0.0\modules' -EnableConsoleRepl -StartupBanner "PowerShell Extension v2025.0.0
Copyright (c) Microsoft Corporation.

https://aka.ms/vscode-powershell
Type 'help' to get help.
" -LogLevel 'Warning' -LogPath 'c:\Users\AnkojiRaoNagisetty\AppData\Roaming\Code\logs\20250531T213927\window1\exthost\ms-vscode.powershell' -SessionDetailsPath 'c:\Users\AnkojiRaoNagisetty\AppData\Roaming\Code\User\globalStorage\ms-vscode.powershell\sessions\PSES-VSCode-6592-944282.json' -FeatureFlags @() 
Process ID: 17096
PSVersion: 7.5.1
PSEdition: Core
GitCommitId: 7.5.1
OS: Microsoft Windows 10.0.26100
Platform: Win32NT
PSCompatibleVersions: 1.0, 2.0, 3.0, 4.0, 5.0, 5.1, 6.0, 7.0
PSRemotingProtocolVersion: 2.3
SerializationVersion: 1.1.0.1
WSManStackVersion: 3.0
**********************
Transcript started, output file is C:\On-Prem-to-cloud-migration\New-Repo\BAB_CloudOps\Azure-Scripts\Enjaz-Migration\combined\migration-20250531-234857.log
[2025-05-31 23:48:57] [INFO] Script started at 2025-05-31 23:48:57
[2025-05-31 23:48:57] [INFO] Starting snapshot creation and SAS URL generation in subscription 44b5560d-2b39-4960-8c57-3447afb62f66
[2025-05-31 23:48:57] [INFO] Processing VM: ENJAVDPHEA-10
[2025-05-31 23:48:57] [INFO] Authenticating to subscription 44b5560d-2b39-4960-8c57-3447afb62f66
[2025-05-31 23:48:57] [DEBUG] Using Service Principal for Tenant cd7bd4e0-1364-439d-8dc4-bc0ef1fb2bf5

Subscription name Tenant
----------------- ------
Enjaz             cd7bd4e0-1364-439d-8dc4-bc0ef1fb2bf5
[2025-05-31 23:48:58] [INFO] Successfully authenticated to subscription 44b5560d-2b39-4960-8c57-3447afb62f66
[2025-05-31 23:48:58] [DEBUG] Retrieving VM details for ENJAVDPHEA-10
[2025-05-31 23:48:58] [DEBUG] OS Disk: ENJAVDPHEA-10_disk1_1b1bfc47f7654568ad43868ef71b15a5
[2025-05-31 23:49:00] [WARNING] Snapshot already exists: ENJAVDPHEA-10-osdisk-snap. Skipping creation.
[2025-05-31 23:49:00] [DEBUG] Generating SAS for snapshot: ENJAVDPHEA-10-osdisk-snap
[2025-05-31 23:49:34] [WARNING] Snapshot already exists: ENJAVDPHEA-10-datadisk-ENJAVDPHEA-10-Disk-01-snap. Skipping creation.
[2025-05-31 23:49:34] [DEBUG] Generating SAS for snapshot: ENJAVDPHEA-10-datadisk-ENJAVDPHEA-10-Disk-01-snap
[2025-05-31 23:50:06] [INFO] Snapshot creation and SAS URL update complete
[2025-05-31 23:50:06] [INFO] Authenticating to target subscription 822efff3-e9dd-48f4-bb90-b1b48c2791aa
[2025-05-31 23:50:06] [DEBUG] Using Service Principal for target Tenant 1bbcc87a-8785-4238-940b-4e8b7fbb2e7c
ENJ-VDI           1bbcc87a-8785-4238-940b-4e8b7fbb2e7c
[2025-05-31 23:50:07] [INFO] Successfully authenticated to target subscription 822efff3-e9dd-48f4-bb90-b1b48c2791aa
[2025-05-31 23:50:09] [WARNING] OS VHD ENJAVDPHEA-10-osdisk.vhd already exists in migration. Skipping copy.
[2025-05-31 23:50:09] [WARNING] Data VHD ENJAVDPHEA-10-datadisk-0.vhd already exists in migration. Skipping copy.
[2025-05-31 23:50:09] [INFO] Authenticating to subscription 822efff3-e9dd-48f4-bb90-b1b48c2791aa
[2025-05-31 23:50:09] [DEBUG] Using Service Principal for Tenant 1bbcc87a-8785-4238-940b-4e8b7fbb2e7c
ENJ-VDI           1bbcc87a-8785-4238-940b-4e8b7fbb2e7c
[2025-05-31 23:50:09] [INFO] Successfully authenticated to subscription 822efff3-e9dd-48f4-bb90-b1b48c2791aa
[2025-05-31 23:50:12] [INFO] Creating VM ENJAVDPHEA-10

RequestId           : 
IsSuccessStatusCode : True
StatusCode          : OK
ReasonPhrase        : 

Selecting “UK South” may reduce your costs. The region you’ve selected may cost more for the same services. You can disable this message in the future with the command “Update-AzConfig -DisplayRegionIdentified $false”. Learn more at https://go.microsoft.com/fwlink/?linkid=2225665
[2025-05-31 23:52:31] [INFO] VM ENJAVDPHEA-10 created successfully
[2025-05-31 23:52:31] [INFO] No jobs started, skipping dashboard
[2025-05-31 23:52:31] [INFO] Script completed at 2025-05-31 23:52:31
**********************
PowerShell transcript end
End time: 20250531235231
**********************
