[2025-10-23 12:16:43] [Info] Starting VM tagging process
[2025-10-23 12:16:43] [Info] Log file: .\vm-tagging-20251023-121643.log
[2025-10-23 12:16:43] [Info] Connecting to Azure...
[2025-10-23 12:16:47] [Info] Already connected to Azure as ANagisetty@Bankalbilad.com.sa
[2025-10-23 12:16:47] [Info] Imported 40 VMs from CSV
[2025-10-23 12:16:47] [Info] Using default tags
[2025-10-23 12:16:47] [Info] Tags to be applied:
[2025-10-23 12:16:47] [Info]   Cost center: ABIC IT
[2025-10-23 12:16:47] [Info]   Company: ABIC
[2025-10-23 12:16:47] [Info]   UpdatedBy: AnkojiRaoNagisetty
[2025-10-23 12:16:47] [Info]   UpdatedDate: 2025-10-23
[2025-10-23 12:16:47] [Info] 
Processing VMs across 3 subscription(s)
[2025-10-23 12:16:47] [Info] 
----------------------------------------
[2025-10-23 12:16:47] [Info] Processing VM: D2MUBAPJBDWV1
[2025-10-23 12:16:47] [Info] Resource Group: bab-dev-mub-swec-rg-01
[2025-10-23 12:16:47] [Info] Subscription: 43cc4f11-ffb1-4a0d-8420-0ba3746b4248
[2025-10-23 12:16:47] [Info] Switching to subscription: 43cc4f11-ffb1-4a0d-8420-0ba3746b4248
[2025-10-23 12:16:50] [Info] Retrieving VM details...
[2025-10-23 12:16:53] [Info] Existing tags: 0
[2025-10-23 12:16:53] [Info] Applying tags...
[2025-10-23 12:16:59] [Success] ✓ Successfully tagged VM: D2MUBAPJBDWV1
[2025-10-23 12:16:59] [Info] 
----------------------------------------
[2025-10-23 12:16:59] [Info] Processing VM: D2MUBAPJBDWV2
[2025-10-23 12:16:59] [Info] Resource Group: bab-dev-mub-swec-rg-01
[2025-10-23 12:16:59] [Info] Subscription: 43cc4f11-ffb1-4a0d-8420-0ba3746b4248
[2025-10-23 12:16:59] [Info] Retrieving VM details...
[2025-10-23 12:17:00] [Info] Existing tags: 0
[2025-10-23 12:17:00] [Info] Applying tags...
[2025-10-23 12:17:01] [Success] ✓ Successfully tagged VM: D2MUBAPJBDWV2
[2025-10-23 12:17:01] [Info] 
----------------------------------------
[2025-10-23 12:17:01] [Info] Processing VM: D2MUBAPJBDWV3
[2025-10-23 12:17:01] [Info] Resource Group: bab-dev-mub-swec-rg-01
[2025-10-23 12:17:01] [Info] Subscription: 43cc4f11-ffb1-4a0d-8420-0ba3746b4248
[2025-10-23 12:17:01] [Info] Retrieving VM details...
[2025-10-23 12:17:01] [Info] Existing tags: 0
[2025-10-23 12:17:01] [Info] Applying tags...
[2025-10-23 12:17:03] [Success] ✓ Successfully tagged VM: D2MUBAPJBDWV3
[2025-10-23 12:17:03] [Info] 
----------------------------------------
[2025-10-23 12:17:03] [Info] Processing VM: DAMUBAPCODWV1
[2025-10-23 12:17:03] [Info] Resource Group: bab-dev-mub-swec-rg-01
[2025-10-23 12:17:03] [Info] Subscription: 43cc4f11-ffb1-4a0d-8420-0ba3746b4248
[2025-10-23 12:17:03] [Info] Retrieving VM details...
[2025-10-23 12:17:03] [Info] Existing tags: 0
[2025-10-23 12:17:03] [Info] Applying tags...
[2025-10-23 12:17:04] [Success] ✓ Successfully tagged VM: DAMUBAPCODWV1
[2025-10-23 12:17:04] [Info] 
----------------------------------------
[2025-10-23 12:17:04] [Info] Processing VM: DAMUBAPCODWV2
[2025-10-23 12:17:04] [Info] Resource Group: bab-dev-mub-swec-rg-01
[2025-10-23 12:17:04] [Info] Subscription: 43cc4f11-ffb1-4a0d-8420-0ba3746b4248
[2025-10-23 12:17:05] [Info] Retrieving VM details...
[2025-10-23 12:17:05] [Info] Existing tags: 0
[2025-10-23 12:17:05] [Info] Applying tags...
[2025-10-23 12:17:06] [Success] ✓ Successfully tagged VM: DAMUBAPCODWV2
[2025-10-23 12:17:06] [Info] 
----------------------------------------
[2025-10-23 12:17:06] [Info] Processing VM: DAMUBAPJBDWV1
[2025-10-23 12:17:06] [Info] Resource Group: bab-dev-mub-swec-rg-01
[2025-10-23 12:17:06] [Info] Subscription: 43cc4f11-ffb1-4a0d-8420-0ba3746b4248
[2025-10-23 12:17:06] [Info] Retrieving VM details...
[2025-10-23 12:17:06] [Info] Existing tags: 0
[2025-10-23 12:17:06] [Info] Applying tags...
[2025-10-23 12:17:07] [Success] ✓ Successfully tagged VM: DAMUBAPJBDWV1
[2025-10-23 12:17:07] [Info] 
----------------------------------------
[2025-10-23 12:17:07] [Info] Processing VM: DAMUBAPMGDWV01
[2025-10-23 12:17:07] [Info] Resource Group: bab-dev-mub-swec-rg-01
[2025-10-23 12:17:07] [Info] Subscription: 43cc4f11-ffb1-4a0d-8420-0ba3746b4248
[2025-10-23 12:17:08] [Info] Retrieving VM details...
[2025-10-23 12:17:08] [Info] Existing tags: 0
[2025-10-23 12:17:08] [Info] Applying tags...
[2025-10-23 12:17:09] [Success] ✓ Successfully tagged VM: DAMUBAPMGDWV01
[2025-10-23 12:17:09] [Info] 
----------------------------------------
[2025-10-23 12:17:09] [Info] Processing VM: DAMUBCSMAPWV01
[2025-10-23 12:17:09] [Info] Resource Group: bab-dev-mub-swec-rg-01
[2025-10-23 12:17:09] [Info] Subscription: 43cc4f11-ffb1-4a0d-8420-0ba3746b4248
[2025-10-23 12:17:09] [Info] Retrieving VM details...
[2025-10-23 12:17:09] [Info] Existing tags: 0
[2025-10-23 12:17:09] [Info] Applying tags...
[2025-10-23 12:17:10] [Success] ✓ Successfully tagged VM: DAMUBCSMAPWV01
[2025-10-23 12:17:10] [Info] 
----------------------------------------
[2025-10-23 12:17:10] [Info] Processing VM: DAMUBDBORDLV01
[2025-10-23 12:17:10] [Info] Resource Group: bab-dev-mub-swec-rg-01
[2025-10-23 12:17:10] [Info] Subscription: 43cc4f11-ffb1-4a0d-8420-0ba3746b4248
[2025-10-23 12:17:10] [Info] Retrieving VM details...
[2025-10-23 12:17:11] [Info] Existing tags: 0
[2025-10-23 12:17:11] [Info] Applying tags...
[2025-10-23 12:17:11] [Success] ✓ Successfully tagged VM: DAMUBDBORDLV01
[2025-10-23 12:17:11] [Info] 
----------------------------------------
[2025-10-23 12:17:11] [Info] Processing VM: DAMUBDBORDWV2
[2025-10-23 12:17:11] [Info] Resource Group: bab-dev-mub-swec-rg-01
[2025-10-23 12:17:11] [Info] Subscription: 43cc4f11-ffb1-4a0d-8420-0ba3746b4248
[2025-10-23 12:17:11] [Info] Retrieving VM details...
[2025-10-23 12:17:12] [Info] Existing tags: 0
[2025-10-23 12:17:12] [Info] Applying tags...
[2025-10-23 12:17:13] [Success] ✓ Successfully tagged VM: DAMUBDBORDWV2
[2025-10-23 12:17:13] [Info] 
----------------------------------------
[2025-10-23 12:17:13] [Info] Processing VM: DAMUBOMSAPWV01
[2025-10-23 12:17:13] [Info] Resource Group: bab-dev-mub-swec-rg-01
[2025-10-23 12:17:13] [Info] Subscription: 43cc4f11-ffb1-4a0d-8420-0ba3746b4248
[2025-10-23 12:17:13] [Info] Retrieving VM details...
[2025-10-23 12:17:13] [Info] Existing tags: 0
[2025-10-23 12:17:13] [Info] Applying tags...
[2025-10-23 12:17:13] [Success] ✓ Successfully tagged VM: DAMUBOMSAPWV01
[2025-10-23 12:17:13] [Info] 
----------------------------------------
[2025-10-23 12:17:14] [Info] Processing VM: DAMUBOMSAPWV02
[2025-10-23 12:17:14] [Info] Resource Group: bab-dev-mub-swec-rg-01
[2025-10-23 12:17:14] [Info] Subscription: 43cc4f11-ffb1-4a0d-8420-0ba3746b4248
[2025-10-23 12:17:14] [Info] Retrieving VM details...
[2025-10-23 12:17:14] [Info] Existing tags: 0
[2025-10-23 12:17:14] [Info] Applying tags...
[2025-10-23 12:17:15] [Success] ✓ Successfully tagged VM: DAMUBOMSAPWV02
[2025-10-23 12:17:15] [Info] 
----------------------------------------
[2025-10-23 12:17:15] [Info] Processing VM: DAMUBOMSAPWV03
[2025-10-23 12:17:15] [Info] Resource Group: bab-dev-mub-swec-rg-01
[2025-10-23 12:17:15] [Info] Subscription: 43cc4f11-ffb1-4a0d-8420-0ba3746b4248
[2025-10-23 12:17:16] [Info] Retrieving VM details...
[2025-10-23 12:17:16] [Info] Existing tags: 0
[2025-10-23 12:17:16] [Info] Applying tags...
[2025-10-23 12:17:17] [Success] ✓ Successfully tagged VM: DAMUBOMSAPWV03
[2025-10-23 12:17:17] [Info] 
----------------------------------------
[2025-10-23 12:17:17] [Info] Processing VM: DAMUBSCMAPWV01
[2025-10-23 12:17:17] [Info] Resource Group: bab-dev-mub-swec-rg-01
[2025-10-23 12:17:17] [Info] Subscription: 43cc4f11-ffb1-4a0d-8420-0ba3746b4248
[2025-10-23 12:17:17] [Info] Retrieving VM details...
[2025-10-23 12:17:18] [Info] Existing tags: 0
[2025-10-23 12:17:18] [Info] Applying tags...
[2025-10-23 12:17:19] [Success] ✓ Successfully tagged VM: DAMUBSCMAPWV01
[2025-10-23 12:17:19] [Info] 
----------------------------------------
[2025-10-23 12:17:19] [Info] Processing VM: DAMUBSMSAPWV01
[2025-10-23 12:17:19] [Info] Resource Group: bab-dev-mub-swec-rg-01
[2025-10-23 12:17:19] [Info] Subscription: 43cc4f11-ffb1-4a0d-8420-0ba3746b4248
[2025-10-23 12:17:19] [Info] Retrieving VM details...
[2025-10-23 12:17:19] [Info] Existing tags: 0
[2025-10-23 12:17:19] [Info] Applying tags...
[2025-10-23 12:17:20] [Success] ✓ Successfully tagged VM: DAMUBSMSAPWV01
[2025-10-23 12:17:20] [Info] 
----------------------------------------
[2025-10-23 12:17:20] [Info] Processing VM: DAMUBTRSAPWV01
[2025-10-23 12:17:20] [Info] Resource Group: bab-dev-mub-swec-rg-01
[2025-10-23 12:17:20] [Info] Subscription: 43cc4f11-ffb1-4a0d-8420-0ba3746b4248
[2025-10-23 12:17:20] [Info] Retrieving VM details...
[2025-10-23 12:17:21] [Info] Existing tags: 0
[2025-10-23 12:17:21] [Info] Applying tags...
[2025-10-23 12:17:21] [Success] ✓ Successfully tagged VM: DAMUBTRSAPWV01
[2025-10-23 12:17:21] [Info] 
----------------------------------------
[2025-10-23 12:17:21] [Info] Processing VM: DAMUBWBAPDWV1
[2025-10-23 12:17:21] [Info] Resource Group: bab-dev-mub-swec-rg-01
[2025-10-23 12:17:21] [Info] Subscription: 43cc4f11-ffb1-4a0d-8420-0ba3746b4248
[2025-10-23 12:17:21] [Info] Retrieving VM details...
[2025-10-23 12:17:22] [Info] Existing tags: 0
[2025-10-23 12:17:22] [Info] Applying tags...
[2025-10-23 12:17:22] [Success] ✓ Successfully tagged VM: DAMUBWBAPDWV1
[2025-10-23 12:17:22] [Info] 
----------------------------------------
[2025-10-23 12:17:22] [Info] Processing VM: DAMUBWBAPDWV2
[2025-10-23 12:17:22] [Info] Resource Group: bab-dev-mub-swec-rg-01
[2025-10-23 12:17:22] [Info] Subscription: 43cc4f11-ffb1-4a0d-8420-0ba3746b4248
[2025-10-23 12:17:23] [Info] Retrieving VM details...
[2025-10-23 12:17:23] [Info] Existing tags: 0
[2025-10-23 12:17:23] [Info] Applying tags...
[2025-10-23 12:17:24] [Success] ✓ Successfully tagged VM: DAMUBWBAPDWV2
[2025-10-23 12:17:24] [Info] 
----------------------------------------
[2025-10-23 12:17:24] [Info] Processing VM: DAMUBWBMGDWV01
[2025-10-23 12:17:24] [Info] Resource Group: bab-dev-mub-swec-rg-01
[2025-10-23 12:17:24] [Info] Subscription: 43cc4f11-ffb1-4a0d-8420-0ba3746b4248
[2025-10-23 12:17:24] [Info] Retrieving VM details...
[2025-10-23 12:17:24] [Info] Existing tags: 0
[2025-10-23 12:17:24] [Info] Applying tags...
[2025-10-23 12:17:25] [Success] ✓ Successfully tagged VM: DAMUBWBMGDWV01
[2025-10-23 12:17:25] [Info] 
----------------------------------------
[2025-10-23 12:17:25] [Info] Processing VM: DAMUBWBWV01
[2025-10-23 12:17:25] [Info] Resource Group: bab-dev-mub-swec-rg-01
[2025-10-23 12:17:25] [Info] Subscription: 43cc4f11-ffb1-4a0d-8420-0ba3746b4248
[2025-10-23 12:17:25] [Info] Retrieving VM details...
[2025-10-23 12:17:26] [Info] Existing tags: 0
[2025-10-23 12:17:26] [Info] Applying tags...
[2025-10-23 12:17:27] [Success] ✓ Successfully tagged VM: DAMUBWBWV01
[2025-10-23 12:17:27] [Info] 
----------------------------------------
[2025-10-23 12:17:27] [Info] Processing VM: DAABDGAPSLV1
[2025-10-23 12:17:27] [Info] Resource Group: bab-sit-abic-digital-swec-rg-01
[2025-10-23 12:17:27] [Info] Subscription: e48414cd-f96d-4414-ae9e-da7fec844f77
[2025-10-23 12:17:27] [Info] Switching to subscription: e48414cd-f96d-4414-ae9e-da7fec844f77
[2025-10-23 12:17:28] [Info] Retrieving VM details...
[2025-10-23 12:17:28] [Info] Existing tags: 0
[2025-10-23 12:17:28] [Info] Applying tags...
[2025-10-23 12:17:29] [Success] ✓ Successfully tagged VM: DAABDGAPSLV1
[2025-10-23 12:17:29] [Info] 
----------------------------------------
[2025-10-23 12:17:29] [Info] Processing VM: DAABDGORDBSLV1
[2025-10-23 12:17:29] [Info] Resource Group: bab-sit-abic-digital-swec-rg-01
[2025-10-23 12:17:29] [Info] Subscription: e48414cd-f96d-4414-ae9e-da7fec844f77
[2025-10-23 12:17:29] [Info] Retrieving VM details...
[2025-10-23 12:17:30] [Info] Existing tags: 0
[2025-10-23 12:17:30] [Info] Applying tags...
[2025-10-23 12:17:31] [Success] ✓ Successfully tagged VM: DAABDGORDBSLV1
[2025-10-23 12:17:31] [Info] 
----------------------------------------
[2025-10-23 12:17:31] [Info] Processing VM: DAAXIAPSWV1
[2025-10-23 12:17:31] [Info] Resource Group: bab-sit-aix-swec-rg-01
[2025-10-23 12:17:31] [Info] Subscription: e48414cd-f96d-4414-ae9e-da7fec844f77
[2025-10-23 12:17:31] [Info] Retrieving VM details...
[2025-10-23 12:17:31] [Info] Existing tags: 5
[2025-10-23 12:17:31] [Info] Applying tags...
[2025-10-23 12:17:32] [Success] ✓ Successfully tagged VM: DAAXIAPSWV1
[2025-10-23 12:17:32] [Info] 
----------------------------------------
[2025-10-23 12:17:32] [Info] Processing VM: DAAXIDBSQSWV1
[2025-10-23 12:17:32] [Info] Resource Group: bab-sit-aix-swec-rg-01
[2025-10-23 12:17:32] [Info] Subscription: e48414cd-f96d-4414-ae9e-da7fec844f77
[2025-10-23 12:17:33] [Info] Retrieving VM details...
[2025-10-23 12:17:33] [Info] Existing tags: 5
[2025-10-23 12:17:33] [Info] Applying tags...
[2025-10-23 12:17:34] [Success] ✓ Successfully tagged VM: DAAXIDBSQSWV1
[2025-10-23 12:17:34] [Info] 
----------------------------------------
[2025-10-23 12:17:34] [Info] Processing VM: DAAXIWBSWV1
[2025-10-23 12:17:34] [Info] Resource Group: bab-sit-aix-swec-rg-01
[2025-10-23 12:17:34] [Info] Subscription: e48414cd-f96d-4414-ae9e-da7fec844f77
[2025-10-23 12:17:34] [Info] Retrieving VM details...
[2025-10-23 12:17:35] [Info] Existing tags: 0
[2025-10-23 12:17:35] [Info] Applying tags...
[2025-10-23 12:17:36] [Success] ✓ Successfully tagged VM: DAAXIWBSWV1
[2025-10-23 12:17:36] [Info] 
----------------------------------------
[2025-10-23 12:17:36] [Info] Processing VM: DADHUBDBORSLV01
[2025-10-23 12:17:36] [Info] Resource Group: bab-sit-abic-dhub-swec-rg-01
[2025-10-23 12:17:36] [Info] Subscription: e48414cd-f96d-4414-ae9e-da7fec844f77
[2025-10-23 12:17:36] [Info] Retrieving VM details...
[2025-10-23 12:17:37] [Info] Existing tags: 0
[2025-10-23 12:17:37] [Info] Applying tags...
[2025-10-23 12:17:38] [Success] ✓ Successfully tagged VM: DADHUBDBORSLV01
[2025-10-23 12:17:38] [Info] 
----------------------------------------
[2025-10-23 12:17:38] [Info] Processing VM: DAIBMAPSLV1
[2025-10-23 12:17:38] [Info] Resource Group: bab-sit-abic-ibm-rg-01
[2025-10-23 12:17:38] [Info] Subscription: e48414cd-f96d-4414-ae9e-da7fec844f77
[2025-10-23 12:17:38] [Info] Retrieving VM details...
[2025-10-23 12:17:39] [Info] Existing tags: 3
[2025-10-23 12:17:39] [Info] Applying tags...
[2025-10-23 12:17:39] [Success] ✓ Successfully tagged VM: DAIBMAPSLV1
[2025-10-23 12:17:39] [Info] 
----------------------------------------
[2025-10-23 12:17:39] [Info] Processing VM: DAIBMDBSLV1
[2025-10-23 12:17:40] [Info] Resource Group: bab-sit-abic-ibm-rg-01
[2025-10-23 12:17:40] [Info] Subscription: e48414cd-f96d-4414-ae9e-da7fec844f77
[2025-10-23 12:17:40] [Info] Retrieving VM details...
[2025-10-23 12:17:40] [Info] Existing tags: 4
[2025-10-23 12:17:40] [Info] Applying tags...
[2025-10-23 12:17:41] [Success] ✓ Successfully tagged VM: DAIBMDBSLV1
[2025-10-23 12:17:41] [Info] 
----------------------------------------
[2025-10-23 12:17:41] [Info] Processing VM: DAMUBAPCOIWV1
[2025-10-23 12:17:41] [Info] Resource Group: bab-sit-mub-swec-rg-01
[2025-10-23 12:17:41] [Info] Subscription: e48414cd-f96d-4414-ae9e-da7fec844f77
[2025-10-23 12:17:41] [Info] Retrieving VM details...
[2025-10-23 12:17:42] [Info] Existing tags: 0
[2025-10-23 12:17:42] [Info] Applying tags...
[2025-10-23 12:17:44] [Success] ✓ Successfully tagged VM: DAMUBAPCOIWV1
[2025-10-23 12:17:44] [Info] 
----------------------------------------
[2025-10-23 12:17:44] [Info] Processing VM: DAMUBAPCOIWV2
[2025-10-23 12:17:44] [Info] Resource Group: bab-sit-mub-swec-rg-01
[2025-10-23 12:17:44] [Info] Subscription: e48414cd-f96d-4414-ae9e-da7fec844f77
[2025-10-23 12:17:44] [Info] Retrieving VM details...
[2025-10-23 12:17:44] [Info] Existing tags: 0
[2025-10-23 12:17:44] [Info] Applying tags...
[2025-10-23 12:17:46] [Success] ✓ Successfully tagged VM: DAMUBAPCOIWV2
[2025-10-23 12:17:46] [Info] 
----------------------------------------
[2025-10-23 12:17:46] [Info] Processing VM: DAMUBAPJBIWV1
[2025-10-23 12:17:46] [Info] Resource Group: bab-sit-mub-swec-rg-01
[2025-10-23 12:17:46] [Info] Subscription: e48414cd-f96d-4414-ae9e-da7fec844f77
[2025-10-23 12:17:46] [Info] Retrieving VM details...
[2025-10-23 12:17:46] [Info] Existing tags: 0
[2025-10-23 12:17:46] [Info] Applying tags...
[2025-10-23 12:17:47] [Success] ✓ Successfully tagged VM: DAMUBAPJBIWV1
[2025-10-23 12:17:47] [Info] 
----------------------------------------
[2025-10-23 12:17:47] [Info] Processing VM: DAMUBAPJBIWV2
[2025-10-23 12:17:47] [Info] Resource Group: bab-sit-mub-swec-rg-01
[2025-10-23 12:17:47] [Info] Subscription: e48414cd-f96d-4414-ae9e-da7fec844f77
[2025-10-23 12:17:47] [Info] Retrieving VM details...
[2025-10-23 12:17:47] [Info] Existing tags: 0
[2025-10-23 12:17:47] [Info] Applying tags...
[2025-10-23 12:17:48] [Success] ✓ Successfully tagged VM: DAMUBAPJBIWV2
[2025-10-23 12:17:48] [Info] 
----------------------------------------
[2025-10-23 12:17:48] [Info] Processing VM: DAMUBAPMGIWV1
[2025-10-23 12:17:48] [Info] Resource Group: bab-sit-mub-swec-rg-01
[2025-10-23 12:17:48] [Info] Subscription: e48414cd-f96d-4414-ae9e-da7fec844f77
[2025-10-23 12:17:48] [Info] Retrieving VM details...
[2025-10-23 12:17:48] [Info] Existing tags: 0
[2025-10-23 12:17:48] [Info] Applying tags...
[2025-10-23 12:17:50] [Success] ✓ Successfully tagged VM: DAMUBAPMGIWV1
[2025-10-23 12:17:50] [Info] 
----------------------------------------
[2025-10-23 12:17:50] [Info] Processing VM: DAMUBDBORILV1
[2025-10-23 12:17:50] [Info] Resource Group: bab-sit-mub-swec-rg-01
[2025-10-23 12:17:50] [Info] Subscription: e48414cd-f96d-4414-ae9e-da7fec844f77
[2025-10-23 12:17:50] [Info] Retrieving VM details...
[2025-10-23 12:17:50] [Info] Existing tags: 0
[2025-10-23 12:17:50] [Info] Applying tags...
[2025-10-23 12:17:51] [Success] ✓ Successfully tagged VM: DAMUBDBORILV1
[2025-10-23 12:17:51] [Info] 
----------------------------------------
[2025-10-23 12:17:51] [Info] Processing VM: DAMUBDBORIWV2
[2025-10-23 12:17:51] [Info] Resource Group: bab-sit-mub-swec-rg-01
[2025-10-23 12:17:51] [Info] Subscription: e48414cd-f96d-4414-ae9e-da7fec844f77
[2025-10-23 12:17:51] [Info] Retrieving VM details...
[2025-10-23 12:17:52] [Info] Existing tags: 0
[2025-10-23 12:17:52] [Info] Applying tags...
[2025-10-23 12:17:53] [Success] ✓ Successfully tagged VM: DAMUBDBORIWV2
[2025-10-23 12:17:53] [Info] 
----------------------------------------
[2025-10-23 12:17:53] [Info] Processing VM: DAMUBWBAPIWV1
[2025-10-23 12:17:53] [Info] Resource Group: bab-sit-mub-swec-rg-01
[2025-10-23 12:17:53] [Info] Subscription: e48414cd-f96d-4414-ae9e-da7fec844f77
[2025-10-23 12:17:53] [Info] Retrieving VM details...
[2025-10-23 12:17:53] [Info] Existing tags: 0
[2025-10-23 12:17:53] [Info] Applying tags...
[2025-10-23 12:17:54] [Success] ✓ Successfully tagged VM: DAMUBWBAPIWV1
[2025-10-23 12:17:54] [Info] 
----------------------------------------
[2025-10-23 12:17:54] [Info] Processing VM: DAMUBWBAPIWV2
[2025-10-23 12:17:54] [Info] Resource Group: bab-sit-mub-swec-rg-01
[2025-10-23 12:17:54] [Info] Subscription: e48414cd-f96d-4414-ae9e-da7fec844f77
[2025-10-23 12:17:54] [Info] Retrieving VM details...
[2025-10-23 12:17:55] [Info] Existing tags: 0
[2025-10-23 12:17:55] [Info] Applying tags...
[2025-10-23 12:17:55] [Success] ✓ Successfully tagged VM: DAMUBWBAPIWV2
[2025-10-23 12:17:55] [Info] 
----------------------------------------
[2025-10-23 12:17:55] [Info] Processing VM: DAMUBWBMGIWV1
[2025-10-23 12:17:55] [Info] Resource Group: bab-sit-mub-swec-rg-01
[2025-10-23 12:17:55] [Info] Subscription: e48414cd-f96d-4414-ae9e-da7fec844f77
[2025-10-23 12:17:55] [Info] Retrieving VM details...
[2025-10-23 12:17:56] [Info] Existing tags: 0
[2025-10-23 12:17:56] [Info] Applying tags...
[2025-10-23 12:17:56] [Success] ✓ Successfully tagged VM: DAMUBWBMGIWV1
[2025-10-23 12:17:56] [Info] 
----------------------------------------
[2025-10-23 12:17:56] [Info] Processing VM: BABAVDABCDT-0
[2025-10-23 12:17:56] [Info] Resource Group: bab-vdi-avd-weeu-rg-01
[2025-10-23 12:17:56] [Info] Subscription: cb801de6-404a-4e76-8e9a-475206cbc2e5
[2025-10-23 12:17:56] [Info] Switching to subscription: cb801de6-404a-4e76-8e9a-475206cbc2e5
[2025-10-23 12:17:57] [Info] Retrieving VM details...
[2025-10-23 12:18:17] [Info] Existing tags: 1
[2025-10-23 12:18:17] [Info] Applying tags...
[2025-10-23 12:18:19] [Success] ✓ Successfully tagged VM: BABAVDABCDT-0
[2025-10-23 12:18:19] [Info] 
----------------------------------------
[2025-10-23 12:18:19] [Info] Processing VM: BABAVDABCDT-1
[2025-10-23 12:18:19] [Info] Resource Group: bab-vdi-avd-weeu-rg-01
[2025-10-23 12:18:19] [Info] Subscription: cb801de6-404a-4e76-8e9a-475206cbc2e5
[2025-10-23 12:18:19] [Info] Retrieving VM details...
[2025-10-23 12:18:20] [Info] Existing tags: 1
[2025-10-23 12:18:20] [Info] Applying tags...
[2025-10-23 12:18:21] [Success] ✓ Successfully tagged VM: BABAVDABCDT-1
[2025-10-23 12:18:21] [Info] 
========================================
[2025-10-23 12:18:21] [Info] TAGGING SUMMARY
[2025-10-23 12:18:21] [Info] ========================================
[2025-10-23 12:18:21] [Info] Total VMs processed: 40
[2025-10-23 12:18:21] [Success] Successfully tagged: 40
[2025-10-23 12:18:21] [Info] Failed: 0
[2025-10-23 12:18:21] [Info] Skipped: 0
[2025-10-23 12:18:21] [Info] ========================================
[2025-10-23 12:18:21] [Info] Log file saved: .\vm-tagging-20251023-121643.log
